[    0.000000] Initializing cgroup subsys cpuset
[    0.000000] Initializing cgroup subsys cpu
[    0.000000] Initializing cgroup subsys cpuacct
[    0.000000] Linux version 4.4.0-177-generic (buildd@lgw01-amd64-035) (gcc version 5.4.0 20160609 (Ubuntu 5.4.0-6ubuntu1~16.04.12) ) #207-Ubuntu SMP Mon Mar 16 01:16:10 UTC 2020 (Ubuntu 4.4.0-177.207-generic 4.4.214)
[    0.000000] Command line: BOOT_IMAGE=/boot/vmlinuz-4.4.0-177-generic root=LABEL=cloudimg-rootfs ro console=tty1 console=ttyS0
[    0.000000] KERNEL supported cpus:
[    0.000000]   Intel GenuineIntel
[    0.000000]   AMD AuthenticAMD
[    0.000000]   Centaur CentaurHauls
[    0.000000] x86/fpu: xstate_offset[2]:  576, xstate_sizes[2]:  256
[    0.000000] x86/fpu: Supporting XSAVE feature 0x01: 'x87 floating point registers'
[    0.000000] x86/fpu: Supporting XSAVE feature 0x02: 'SSE registers'
[    0.000000] x86/fpu: Supporting XSAVE feature 0x04: 'AVX registers'
[    0.000000] x86/fpu: Enabled xstate features 0x7, context size is 832 bytes, using 'standard' format.
[    0.000000] e820: BIOS-provided physical RAM map:
[    0.000000] BIOS-e820: [mem 0x0000000000000000-0x000000000009fbff] usable
[    0.000000] BIOS-e820: [mem 0x000000000009fc00-0x000000000009ffff] reserved
[    0.000000] BIOS-e820: [mem 0x00000000000f0000-0x00000000000fffff] reserved
[    0.000000] BIOS-e820: [mem 0x0000000000100000-0x000000003ffeffff] usable
[    0.000000] BIOS-e820: [mem 0x000000003fff0000-0x000000003fffffff] ACPI data
[    0.000000] BIOS-e820: [mem 0x00000000fec00000-0x00000000fec00fff] reserved
[    0.000000] BIOS-e820: [mem 0x00000000fee00000-0x00000000fee00fff] reserved
[    0.000000] BIOS-e820: [mem 0x00000000fffc0000-0x00000000ffffffff] reserved
[   .000000] NX (Execute Disable) protection: active
[    0.000000] SMBIOS 2.5 present.
[    0.000000] Hypervisor detected: KVM
[    0.000000] e820: last_pfn = 0x3fff0 max_arch_pfn = 0x400000000
[    0.000000] MTRR: Disabled
[    0.000000] x86/PAT: MTRRs disabled, skipping PAT initialization too.
[    0.000000] CPU MTRRs all blank - virtualized system.
[    0.000000] x86/PAT: Configuration [0-7]: WB  WT  UC- UC  WB  WT  UC- UC  
[  0.000000] found SMP MP-tableat [mem 0x0009fff0-0x0009ffff] mapped at [ffff88000009fff0]
[    0.000000] Scanning 1 areas for low memory corruption
[    0.000000] RAMDISK: [mem 0x362e2000-0x37168ff]
[  000000] ACPI: Early table checksum verification disabled
[    0.000000] ACPI: RSDP 0x00000000000E0000 000024 (v02 VBOX  )
[    0.000000] ACPI: XSDT 0x000000003FFF0030 00003C (v01 VBOX   VBOXXSDT 00000001 ASL  00000061)
[    0.000000] ACPI: FACP 0x000000003FFF00F0 0000F4 (v04 VBOX   VBOXFACP 00000001 ASL  00000061)
[    0.000000] ACPI: DSDT 0x000000003FFF0470 0021FF (v02 VBOX   VBOXBIOS 00000002 INTL 20180105)
[    0.000000] ACPI: FACS 0x000000003FFF0200 000040
[    0.000000] ACPI: FACS 0x000000003FFF0200 000040
[    0.000000] ACPI: APIC 0x000000003FFF0240 00005C (v02 VBOX   VBOXAPIC 00000001 ASL  00000061)
[    0.000000] ACPI: SSDT 0x000000003FFF02A0 0001CC (v01 VBOX   VBOXCPUT 00000002 INTL 20180105)
[    0.000000] No NUMA configuration found
[    0.000000] Faking a node at [mem 0x0000000000000000-0x000000003ffeffff]
[    0.000000] NODE_DATA(0) allocated [mem 0x3ffeb000-0x3ffeffff]
[    0.000000] kvm-clock: Using msrs 4b564d01 and 4b564d00
[    0.000000] kvm-clock: cpu 0, msr 0:3ffe3001, primary cpu clock
[    0.000000] kvm-clock: using sched offset of 3213705369 cycles
[    0.000000] clocksource: kvm-clock: mask: 0xffffffffffffffff max_cycles: 0x1cd42e4dffb, max_idle_ns: 881590591483 ns
[    0.000000] Zone ranges:
[    0.000000]   DMA      [mem 0x0000000000001000-0x0000000000ffffff]
[    0.000000]   DMA32    [mem 0x0000000001000000-0x000000003ffeffff]
[    0.000000]   Normal   empty
[    0.000000]   Device   empty
[    0.000000] Movable zone start for each node
[    0.000000] Early memory node ranges
[    0.000000]   node   0: [mem 0x0000000000001000-0x000000000009efff]
[    0.000000]   node   0: [mem 0x0000000000100000-0x000000003ffeffff]
[    0.000000] Initmem setup node 0 [mem 0x0000000000001000-0x000000003ffeffff]
[    0.000000] ACPI: PM-Timer IO Port: 0x4008
[    0.000000] IOAPIC[0]: apic_id 2, version 32, address 0xfec00000, GSI 0-23
[    0.000000] ACPI: INT_SRC_OVR (bus 0 bus_irq 0 global_irq 2 dfl dfl)
[    0.000000] ACPI: INT_SRC_OVR (bus 0 bus_irq 9 global_irq 9 low level)
[    0.000000] Using ACPI (MADT) for SMP configuration information
[    0.000000] smpboot: Allowing 2 CPUs, 0 hotplug CPUs
[    0.000000] PM: Registered nosave memory: [mem 0x00000000-0x00000fff]
[    0.000000] PM: Registered nosave memory: [mem 0x0009f000-0x0009ffff]
[    0.000000] PM: Registered nosave memory: [mem 0x000a0000-0x000effff]
[    0.000000] PM: Registered nosave memory: [mem 0x000f0000-0x000fffff]
[    0.000000] e820: [mem 0x40000000-0xfebfffff] available for PCI devices
[    0.000000] Booting paravirtualized kernel on KVM
[    0.000000] clocksource: refined-jiffies: mask: 0xffffffff max_cycles: 0xffffffff, max_idle_ns: 7645519600211568 ns
[    0.000000] setup_percpu: NR_CPUS:512 nr_cpumask_bits:512 nr_cpu_ids:2 nr_node_ids:1
[    0.000000] PERCPU: Embedded 33 pages/cpu @ffff88003fc00000 s95448 r8192 d31528 u1048576
[    0.000000] Built 1 zonelists in Node order, mobility grouping on.  Total pages: 257912
[   0.000000] Policy zone: DMA32
[    0.000000] Kernel command line: BOOT_IMAGE=/boot/vmlinuz-4.4.0-177-generic root=LABEL=cloudimg-rootfs ro console=tty1 console=ttyS0
[    0.000000] PID hash table entries: 4096 (order: 3, 32768 bytes)
[    0.000000] Memory: 997676K/1048120K available (8626K kernel code, 1336K rwdata, 4036K rodata, 1488K init, 1292K bss, 50444K reserved, 0K cma-reserved)
[    0.000000] SLUB: HWalign=64, Order=0-3, MinObjects=0, CPUs=2, Nodes=1
[    0.000000] Kernel/User page tables isolation: enabled
[    0.000000] Hierarchical RCU implementation.
[    0.000000] 	Build-time adjustment of leaf fanout to 64.
[    0.000000] 	RCU restricting CPUs from NR_CPUS=512 to nr_cpu_ids=2.
[    0.000000] RCU: Adjusting geometry for rcu_fanout_leaf=64, nr_cpu_ids=2
[    0.000000] NR_IRQS:33024 nr_irqs:440 16
[    0.000000] Console: colour VGA+ 80x25
[    0.000000] console [tty1] enabled
[    0.000000] console [ttyS0] enabled
[    0.000000] tsc: Detected 1799.992 MHz processor
[    0.324016] Calibrating delay loop (skipped) preset value.. 3599.98 BogoMIPS (lpj=7199968)
[    0.341131] pid_max: default: 32768 minimum: 301
[    0.341960] ACPI: Core revision 20150930
[    0.343542] ACPI: 2 ACPI AML tables successfully acquired and loaded
[    0.344771] Security Framework initialized
[    0.345504] Yama: becoming mindful.
[    0.356843] AppArmor: AppArmor initialized
[    0.357583] Dentry cache hash table entries: 131072 (order: 8, 1048576 bytes)
[    0.359374] Inode-cache hash table entries: 65536 (order: 7, 524288 bytes)
[    0.360544] Mount-cache hash table entries: 2048 (order: 2, 16384 bytes)
[    0.361572] Mountpoint-cache hash table entries: 2048 (order: 2, 16384 bytes)
[    0.362857] Initializing cgroup subsys io
[    0.363531] Initializing cgroup subsys memory
[    0.364220] Initializing cgroup subsys devices
[    0.364929] Initializing cgroup subsys freezer
[    0.365757] Initializing cgroup subsys net_cls
[    0.366556] Initializing cgroup subsys perf_event
[    0.372998] Initializing cgroup subsys net_prio
[    0.373888] Initializing cgroup subsys hugetlb
[    0.374792] Initializing cgroup subsys pids
[    0.376729] mce: CPU supports 0 MCE banks
[    0.377544] Last level iTLB entries: 4KB 64, 2MB 8, 4MB 8
[    0.378441] Last level dTLB entries: 4KB 64, 2MB 0, 4MB 0, 1GB 4
[    0.379513] Spectre V1 : Mitigation: usercopy/swapgs barriers and __user pointer sanitization
[    0.380815] Spectre V2 : Mitigation: Full generic retpoline
[    0.381672] Spectre V2 : Spectre v2 / SpectreRSB mitigation: Filling RSB on context switch
[    0.383282] Speculative Store Bypass: Vulnerable
[    0.397445] MDS: Mitigation: Clear CPU buffers
[    0.400319] Freeing SMP alternatives memory: 36K
[    0.405377] ftrace: allocating 32304 entries in 127 pages
[    0.457009] smpboot: APIC(0) Converting physical 0 to logical package 0
[    0.488375] smpboot: Max logical packages: 1
[    0.489475] x2apic enabled
[    0.499918] Switched APIC routing to physical x2apic.
[    0.510380] ..TIMER: vector=0x30 apic1=0 pin1=2 apic2=-1 pin2=-1
[    0.619373] smpboot: CPU0: Intel(R) Core(TM) i5-8265U CPU @ 1.60GHz (family: 0x6, model: 0x8e, stepping: 0xc)
[    0.649633] Performance Events: unsupported p6 CPU model 142 no PMU driver, software events only.
[    0.660214] KVM setup paravirtual spinlock
[    0.672270] x86: Booting SMP configuration:
[    0.678302] .... node  #0, CPUs:      #1
[    0.679061] kvm-clock: cpu 1, msr 0:3ffe3041, secondary cpu clock
[    0.680771] mce: CPU supports 0 MCE banks
[    0.683263] x86: Booted up 1 node, 2 CPUs
[    0.684139] smpboot: Total of 2 processors activated (7199.96 BogoMIPS)
[    0.685496] devtmpfs: initialized
[    0.687775] evm: security.selinux
[    0.693703] evm: security.SMACK64
[    0.694282] evm: security.SMACK64EXEC
[    0.694878] evm: security.SMACK64TRANSMUTE
[    0.695544] evm: security.SMACK64MMAP
[    0.696748] evm: security.ima
[    0.697908] evm: security.capability
[    0.699417] clocksource: jiffies: mask: 0xffffffff max_cycles: 0xffffffff, max_idle_ns: 7645041785100000 ns
[    0.701049] futex hash table entries: 512 (order: 3, 32768 bytes)
[    0.702073] pinctrl core: initialized pinctrl subsystem
[    0.702939] RTC time:  3:04:10, date: 04/11/20
[    0.703783] NET: Registered protocol family 16
[    0.715994] cpuidle: using governor ladder
[    0.731625] cpuidle: using governor menu
[    0.733503] PCCT header not found.
[    0.735307] ACPI: bus type PCI registered
[    0.736288] acpiphp: ACPI Hot Plug PCI Controller Driver version: 0.5
[    0.737542] PCI: Using configuration type 1 for base access
[    0.755372] ACPI: Added _OSI(Module Device)
[    0.759237] ACPI: Added _OSI(Processor Device)
[    0.762259] ACPI: Added _OSI(3.0 _SCP Extensions)
[    0.768396] ACPI: Added _OSI(Processor Aggregator Device)
[    0.790085] ACPI: Executed 1 blocks of module-level executable AML code
[    0.793479] ACPI: Interpreter enabled
[    0.799435] ACPI: (supports S0 S5)
[    0.800141] ACPI: Using IOAPIC for interrupt routing
[    0.801157] PCI: Using host bridge windows from ACPI; if necessary, use "pci=nocrs" and report a bug
[    0.813408] ACPI: PCI Root Bridge [PCI0] (domain 0000 [bus 00-ff])
[    0.819597] acpi PNP0A03:00: _OSC: OS supports [ASPM ClockPM Segments MSI]
[    0.820596] acpi PNP0A03:00: _OSC: not requesting OS control; OS requires [ExtendedConfig ASPM ClockPM MSI]
[    0.822113] acpi PNP0A03:00: fail to add MMCONFIG information, can't access extended PCI configuration space under this bridge.
[    0.840620] PCI host bridge to bus 0000:00
[    0.841542] pci_bus 0000:00: root bus resource [io  0x0000-0x0cf7 window]
[    0.842903] pci_bus 0000:00: root bus resource [io  0x0d00-0xffff window]
[    0.849486] pci_bus 0000:00: root bus resource [mem 0x000a0000-0x000bffff window]
[    0.851142] pci_bus 0000:00: root bus resource [mem 0x40000000-0xfdffffff window]
[    0.853905] pci_bus 0000:00: root bus resource [bus 00-ff]
[    0.857079] pci 0000:00:01.1: legacy IDE quirk: reg 0x10: [io  0x01f0-0x01f7]
[    0.869091] pci 0000:00:01.1: legacy IDE quirk: reg 0x14: [io  0x03f6]
[    0.870327] pci 0000:00:01.1: legacy IDE quirk: reg 0x18: [io  0x0170-0x0177]
[    0.886080] pci 0000:00:01.1: legacy IDE quirk: reg 0x1c: [io  0x0376]
[    0.911058] pci 0000:00:07.0: quirk: [io  0x4000-0x403f] claimed by PIIX4 ACPI
[    0.917666] pci 0000:00:07.0: quirk: [io  0x4100-0x410f] claimed by PIIX4 SMB
[    0.928684] ACPI: PCI Interrupt Link [LNKA] (IRQs 5 9 10 *11)
[    0.940801] ACPI: PCI Interrupt Link [LNKB] (IRQs 5 9 *10 11)
[    0.945182] ACPI: PCI Interrupt Link [LNKC] (IRQs 5 *9 10 11)
[    0.946399] ACPI: PCI Interrupt Link [LNKD] (IRQs 5 9 10 *11)
[    0.957316] ACPI: Enabled 2 GPEs in block 00 to 07
[    0.958546] vgaarb: setting as boot device: PCI:0000:00:02.0
[    0.959444] vgaarb: device added: PCI:0000:00:02.0,decodes=io+mem,owns=io+mem,locks=none
[    0.960811] vgaarb: loaded
[    0.961308] vgaarb: bridge control possible 0000:00:02.0
[    0.967618] SCSI subsystem initialized
[    0.968434] ACPI: bus type USB registered
[    0.973744] usbcore: registered new interface driver usbfs
[    0.974677] usbcore: registered new interface driver hub
[    0.975541] usbcore: registered new device driver usb
[    0.976727] PCI: Using ACPI for IRQ routing
[    0.977678] NetLabel: Initializing
[    0.978253] NetLabel:  domain hash size = 128
[    0.985971] NetLabel:  protocols = UNLABELED CIPSOv4
[    0.987504] NetLabel:  unlabeled traffic allowed by default
[    0.988821] amd_nb: Cannot enumerate AMD northbridges
[    0.994961] clocksource: Switched to clocksource kvm-clock
[    1.007123] AppArmor: AppArmor Filesystem Enabled
[    1.013298] pnp: PnP ACPI init
[    1.014513] pnp: PnP ACPI: found 3 devices
[    1.024965] clocksource: acpi_pm: mask: 0xffffff max_cycles: 0xffffff, max_idle_ns: 2085701024 ns
[    1.026651] NET: Registered protocol family 2
[    1.027586] TCP established hash table entries: 8192 (order: 4, 65536 bytes)
[    1.028769] TCP bind hash table entries: 8192 (order: 5, 131072 bytes)
[    1.029828] TCP: Hash tables configured (established 8192 bind 8192)
[    1.030830] UDP hash table entries: 512 (order: 2, 16384 bytes)
[    1.031873] UDP-Lite hash table entries: 512 (order: 2, 16384 bytes)
[    1.032940] NET: Registered protocol family 1
[    1.033756] pci 0000:00:00.0: Limiting direct PCI/PCI transfers
[    1.034796] pci 0000:00:01.0: Activating ISA DMA hang workarounds
[    1.035966] Unpacking initramfs...
[    1.244678] Freeing initrd memory: 14876K
[    1.245634] clocksource: tsc: mask: 0xffffffffffffffff max_cycles: 0x19f22218814, max_idle_ns: 440795285422 ns
[    1.247414] platform rtc_cmos: registered platform RTC device (no PNP device found)
[    1.250100] Scanning for low memory corruption every 60 seconds
[    1.252261] audit: initializing netlink subsys (disabled)
[    1.253206] audit: type=2000 audit(1586574255.486:1): initialized
[    1.254415] Initialise system trusted keyring
[    1.255475] HugeTLB registered 2 MB page size, pre-allocated 0 pages
[    1.257745] zbud: loaded
[    1.258708] VFS: Disk quotas dquot_6.6.0
[    1.264435] VFS: Dquot-cache hash table entries: 512 (order 0, 4096 bytes)
[    1.265820] squashfs: version 4.0 (2009/01/31) Phillip Lougher
[    1.267191] fuse init (API version 7.23)
[    1.268116] Key type big_key registered
[    1.268940] Allocating IMA MOK and blacklist keyrings.
[    1.271062] Key type asymmetric registered
[    1.288239] Asymmetric key parser 'x509' registerdd
[    1.339518] Block layer SCSI generic (bsg) driver version 0.4 loaded (major 249)
[    1.342942] io scheduler noop registered
[    1.343942] io scheduler deadline registered (default)
[    1.399996] io scheduler cfq registered
[    1.401059] pci_hotplug: PCI Hot Plug PCI Core version: 0.5
[    1.402217] pciehp: PCI Express Hot Plug Controller Driver version: 0.4
[    1.403690] ACPI: AC Adapter [AC] (on-line)
[    1.405857] input: Power Button as /devices/LNXSYSTM:00/LNXPWRBN:00/input/input0
[    1.408391] ACPI: Power Button [PWRF]
[    1.409437] input: Sleep Button as /devices/LNXSYSTM:00/LNXSLPBN:00/input/input1
[    1.411137] ACPI: Sleep Button [SLPF]
[    1.412886] ACPI: Battery Slot [BAT0] (battery present)
[    1.413976] GHES: HEST is not enabled!
[    1.414924] Serial: 8250/16550 driver, 32 ports, IRQ sharing enabled
[    1.438504] 00:02: ttyS0 at I/O 0x3f8 (irq = 4, base_baud = 115200) is a 16550A
[    1.462043] Linux agpgart interface v0.103
[    1.464679] loop: module loaded
[    1.466295] scsi host0: ata_piix
[    1.467408] scsi host1: ata_piix
[    1.479902] ata1: PATA max UDMA/33 cmd 0x1f0 ctl 0x3f6 bmdma 0xd000 irq 14
[    1.481208] ata2: PATA max UDMA/33 cmd 0x170 ctl 0x376 bmdma 0xd008 irq 15
[    1.482648] libphy: Fixed MDIO Bus: probed
[    1.483737] tun: Universal TUN/TAP device driver, 1.6
[    1.539794] tun: (C) 1999-2004 Max Krasnyansky <maxk@qualcomm.com>
[    1.541036] PPP generic driver version 2.4.2
[    1.542036] ehci_hcd: USB 2.0 'Enhanced' Host Controller (EHCI) Driver
[    1.543300] ehci-pci: EHCI PCI platform driver
[    1.544312] ehci-platform: EHCI generic platform driver
[    1.545461] ohci_hcd: USB 1.1 'Open' Host Controller (OHCI) Driver
[    1.546631] ohci-pci: OHCI PCI platform driver
[    1.547574] ohci-platform: OHCI generic platform driver
[    1.548655] uhci_hcd: USB Universal Host Controller Interface driver
[    1.549978] i8042: PNP: PS/2 Controller [PNP0303:PS2K,PNP0f03:PS2M] at 0x60,0x64 irq 1,12
[    1.552272] serio: i8042 KBD port at 0x60,0x64 irq 1
[    1.553364] serio: i8042 AUX port at 0x60,0x64 irq 12
[    1.554592] mousedev: PS/2 mouse device common for all mice
[    1.556450] rtc_cmos rtc_cmos: rtc core: registered rtc_cmos as rtc0
[    1.557758] input: AT Translated Set 2 keyboard as /devices/platform/i8042/serio0/input/input2
[    1.559732] rtc_cmos rtc_cmos: alarms up to one day, 114 bytes nvram
[    1.560950] i2c /dev entries driver
[    1.561789] device-mapper: uevent: version 1.0.3
[    1.562832] device-mapper: ioctl: 4.34.0-ioctl (2015-10-28) initialised: dm-devel@redhat.com
[    1.564677] ledtrig-cpu: registered to indicate activity on CPUs
[    1.566500] NET: Registered protocol family 10
[    1.567711] NET: Registered protocol family 17
[    1.568666] Key type dns_resolver registered
[    1.569854] registered taskstats version 1
[    1.570763] Loading compiled-in X.509 certificates
[    1.572665] Loaded X.509 cert 'Build time autogenerated kernel key: a048edf52b07f04005c7780de0f875c713550332'
[    1.574682] zswap: loaded using pool lzo/zbud
[    1.577554] Key type trusted registered
[    1.580479] Key type encrypted registered
[    1.581159] AppArmor: AppArmor sha1 policy hashing enabled
[    1.581970] ima: No TPM chip found, activating TPM-bypass!
[    1.582777] ima: Allocated hash algorithm: sha1
[    1.583508] evm: HMAC attrs: 0x1
[    1.584413]   Magic number: 0:641:57
[    1.585112] rtc_cmos rtc_cmos: setting system clock to 2020-04-11 03:04:11 UTC (1586574251)
[    1.586562] BIOS EDD facility v0.16 2004-Jun-25, 0 devices found
[    1.587476] EDD information not available.
[    1.643972] Freeing unused kernel memory: 1488K
[    1.651142] Write protecting the kernel read-only data: 14336k
[    1.657110] Freeing unused kernel memory: 1604K
[    1.661135] Freeing unused kernel memory: 60K
Loading, please wait...
starting version[    1.712439] random: systemd-udevd: uninitialized urandom read (16 bytes read, 3 bits of entropy available)
 229
[    1.713700] random: udevadm: uninitialized urandom read (16 bytes read, 3 bits of entropy available)
[    1.713734] random: udevadm: uninitialized urandom read (16 bytes read, 3 bits of entropy available)
[    1.723163] random: systemd-udevd: uninitialized urandom read (16 bytes read, 3 bits of entropy available)
[    1.724812] random: udevadm: uninitialized urandom read (16 bytes read, 3 bits of entropy available)
[    1.724864] random: udevadm: uninitialized urandom read (16 bytes read, 3 bits of entropy available)
[    1.725016] random: udevadm: uninitialized urandom read (16 bytes read, 3 bits of entropy available)
[    1.725072] random: udevadm: uninitialized urandom read (16 bytes read, 3 bits of entropy available)
[    1.725125] random: udevadm: uninitialized urandom read (16 bytes read, 3 bits of entropy available)
[    1.725179] random: udevadm: uninitialized urandom read (16 bytes read, 3 bits of entropy available)
[    1.762303] e1000: Intel(R) PRO/1000 Network Driver - version 7.3.21-k8-NAPI
[    1.764549] e1000: Copyright (c) 1999-2006 Intel Corporation.
[    1.769049] Fusion MPT base driver 3.04.20
[    1.769737] Copyright (c) 1999-2008 LSI Corporation
[    1.777946] Fusion MPT SPI Host driver 3.04.20
[    1.848179] AVX2 version of gcm_enc/dec engaged.
[    1.859514] AES CTR mode by8 optimization enabled
[    1.974299] input: ImExPS/2 Generic Explorer Mouse as /devices/platform/i8042/serio1/input/input4
[    2.192340] e1000 0000:00:03.0 eth0: (PCI:33MHz:32-bit) 02:ba:b8:ca:39:a3
[    2.194937] e1000 0000:00:03.0 eth0: Intel(R) PRO/1000 Network Connection
[    2.553373] e1000 0000:00:08.0 eth1: (PCI:33MHz:32-bit) 08:00:27:1d:6c:52
[    2.557035] e1000 0000:00:08.0 eth1: Intel(R) PRO/1000 Network Connection
[    2.562703] mptbase: ioc0: Initiating bringup
[    2.566023] e1000 0000:00:03.0 enp0s3: renamed from eth0
[    2.583974] e1000 0000:00:08.0 enp0s8: renamed from eth1
[    2.815424] ioc0: LSI53C1030 A0: Capabilities={Initiator}
[    3.495585] scsi host2: ioc0: LSI53C1030 A0, FwRev=00000000h, Ports=1, MaxQ=256, IRQ=20
[    3.640812] scsi 2:0:0:0: Direct-Access     VBOX     HARDDISK         1.0  PQ: 0 ANSI: 5
[    3.778809] scsi target2:0:0: Beginning Domain Validation
[    3.780456] scsi target2:0:0: Domain Validation skipping write tests
[    3.781359] scsi target2:0:0: Ending Domain Validation
[    3.782373] scsi target2:0:0: asynchronous
[    3.783518] scsi 2:0:1:0: Direct-Access     VBOX     HARDDISK         1.0  PQ: 0 ANSI: 5
[    3.784859] scsi target2:0:1: Beginning Domain Validation
[    3.796773] scsi target2:0:1: Domain Validation skipping write tests
[    3.813640] scsi target2:0:1: Ending Domain Validation
[    3.814542] scsi target2:0:1: asynchronous
[    3.820093] sd 2:0:0:0: [sda] 20971520 512-byte logical blocks: (10.7 GB/10.0 GiB)
[    3.820155] sd 2:0:0:0: Attached scsi generic sg0 type 0
[    3.822518] sd 2:0:0:0: [sda] Write Protect is off
[    3.823115] sd 2:0:1:0: [sdb] 20480 512-byte logical blocks: (10.5 MB/10.0 MiB)
[    3.823222] sd 2:0:1:0: [sdb] Write Protect is off
[    3.823303] sd 2:0:1:0: [sdb] Incomplete mode parameter data
[    3.823304] sd 2:0:1:0: [sdb] Assuming drive cache: write through
[    3.827301] sd 2:0:1:0: Attached scsi generic sg1 type 0
[    3.828269] sd 2:0:0:0: [sda] Incomplete mode parameter data
[    3.829277] sd 2:0:0:0: [sda] Assuming drive cache: write through
[    3.831458]  sda: sda1
[    3.840184] sd 2:0:1:0: [sdb] Attached SCSI disk
[    3.842317] sd 2:0:0:0: [sda] Attached SCSI disk
Begin: Loading e[    5.173868] md: linear personality registered for level -1
ssential drivers ... [    5.242411] md: multipath personality registered for level -4
[    5.246411] md: raid0 personality registered for level 0
[    5.276330] md: raid1 personality registered for level 1
[    5.348944] raid6: sse2x1   gen() 10706 MB/s
[    5.428898] raid6: sse2x1   xor()  7091 MB/s
[    5.595254] raid6: sse2x2   gen() 12656 MB/s
[    5.668867] raid6: sse2x2   xor() 10282 MB/s
[    5.775317] raid6: sse2x4   gen() 15645 MB/s
[    5.848845] raid6: sse2x4   xor() 10797 MB/s
[    5.928857] raid6: avx2x1   gen() 19506 MB/s
[    5.995329] raid6: avx2x2   gen() 26687 MB/s
[    6.068843] raid6: avx2x4   gen() 32176 MB/s
[    6.089683] raid6: using algorithm avx2x4 gen() 32176 MB/s
[    6.090695] raid6: using avx2x2 recovery algorithm
[    6.100621] xor: automatically using best checksumming function:
[    6.139025]    avx       : 28074.000 MB/sec
[    6.141244] async_tx: api initialized (async)
[    6.150723] md: raid6 personality registered for level 6
[    6.160512] md: raid5 personality registered for level 5
[    6.161292] md: raid4 personality registered for level 4
[    6.167333] md: raid10 personality registered for level 10
done.
Begin: Running /scripts/init-premount ... done.
Begin: Mo[    6.204146] Btrfs loaded
unting root file system ... Begin: Running /scripts/local-top ... done.
Begin: Running /scripts/local-premount ... Scanning for Btrfs filesystems
done.
Warning: fsck no[    6.237209] EXT4-fs (sda1): mounted filesystem with ordered data mode. Opts: (null)
t present, so skipping root file system
done.
Begin: Running /scripts/local-bottom ... done.
Begin: Running /scripts/init-bottom ... done.
[    6.411819] systemd[1]: systemd 229 running in system mode. (+PAM +AUDIT +SELINUX +IMA +APPARMOR +SMACK +SYSVINIT +UTMP +LIBCRYPTSETUP +GCRYPT +GNUTLS +ACL +XZ -LZ4 +SECCOMP +BLKID +ELFUTILS +KMOD -IDN)
[    6.422830] systemd[1]: Detected virtualization oracle.
[    6.424353] systemd[1]: Detected architecture x86-64.

Welcome to [1mUbuntu 16.04.6 LTS[0m!

[    6.430986] systemd[1]: Set hostname to <ubuntu>.
[    6.435798] systemd[1]: Initializing machine ID from random generator.
[    6.451637] systemd[1]: Installed transient /etc/machine-id file.
[    6.606919] systemd[1]: Listening on LVM2 metadata daemon socket.
[[0;32m  OK  [0m] Listening on LVM2 metadata daemon socket.
[    6.676981] systemd[1]: Started Forward Password Requests to Wall Directory Watch.
[[0;32m  OK  [0m] Started Forward Password Requests to Wall Directory Watch.
[    6.679676] systemd[1]: Listening on LVM2 poll daemon socket.
[[0;32m  OK  [0m] Listening on LVM2 poll daemon socket.
[    6.760634] systemd[1]: Created slice User and Session Slice.
[[0;32m  OK  [0m] Created slice User and Session Slice.
[    6.762452] systemd[1]: Listening on Syslog Socket.
[[0;32m  OK  [0m] Listening on Syslog Socket.
[    6.815763] systemd[1]: Reached target System Time Synchronized.
[[0;32m  OK  [0m] Reached target System Time Synchronized.
[    6.855430] systemd[1]: Listening on udev Control Socket.
[[0;32m  OK  [0m] Listening on udev Control Socket.
[    6.859018] systemd[1]: Listening on Device-mapper event daemon FIFOs.
[[0;32m  OK  [0m] Listening on Device-mapper event daemon FIFOs.
[    6.915814] systemd[1]: Listening on Journal Socket.
[[0;32m  OK  [0m] Listening on Journal Socket.
[    6.998262] systemd[1]: Set up automount Arbitrary Executable File Formats File System Automount Point.
[[0;32m  OK  [0m] Set up automount Arbitrary Executab...ats File System Automount Point.
[    7.025520] systemd[1]: Reached target Swap.
[[0;32m  OK  [0m] Reached target Swap.
[    7.027441] systemd[1]: Listening on udev Kernel Socket.
[[0;32m  OK  [0m] Listening on udev Kernel Socket.
[    7.029470] systemd[1]: Reached target User and Group Name Lookups.
[[0;32m  OK  [0m] Reached target User and Group Name Lookups.
[    7.031652] systemd[1]: Started Trigger resolvconf update for networkd DNS.
[[0;32m  OK  [0m] Started Trigger resolvconf update for networkd DNS.
[    7.034445] systemd[1]: Created slice System Slice.
[[0;32m  OK  [0m] Created slice System Slice.
[    7.047794] systemd[1]: Starting Load Kernel Modules...
         Starting Load Kernel Modules...
[    7.060858] systemd[1]: Starting Create list of required static device nodes for the current kernel...
         Starting Create list of[    7.070131] Loading iSCSI transport class v2.0-870.
 required st... nodes for the current kernel...
[    7.092571] systemd[1]: Mounting Huge Pages File System...
         Mounting Huge Pages File System...
[    7.094944] systemd[1]: Created slice system-serial\x2dgetty.slice.
[[0;32m  OK  [0m] Created slice system-serial\x2dgetty.slice.
[    7.098584] systemd[1]: Starting Remount Root and Kernel File Systems...
         Starting Remount Root and Kernel File Systems...
[    7.109811] iscsi: registered transport (tcp)
[    7.111163] EXT4-fs (sda1): re-mounted. Opts: (null)
[    7.111705] systemd[1]: Starting Nameserver information manager...
         Starting Nameserver information manager...
[    7.114276] systemd[1]: Starting Set console keymap...
         Starting Set console keymap...
[    7.116350] systemd[1]: Starting Uncomplicated firewall...
         Starting Uncomplicated firewall...
[    7.119296] systemd[1]: Listening on Journal Socket (/dev/log).
[[0;32m  OK  [0m] Listening on Journal Socket (/dev/log).
[    7.124714] systemd[1]: Listening on /dev/initctl Compatibility Named Pipe.
[[0;32m  OK  [0m] Listening on /dev/initctl Compatibility Named Pipe.
[    7.128064] systemd[1]: Starting Monitoring of LVM2 mirrors, snapshots etc. using dmeventd or progress polling...
         Starting Monitoring of LVM2 mirrors... dmeventd or progress polling...
[    7.143675] systemd[1]: Mounting POSIX Message Queue File System...
         Mounting POSIX Message Queue File System...
[    7.162688] systemd[1]: Mounting Debug File System...
         Mounting Debug File System...
[    7.198299] systemd[1]: Reached target Slices.
[[0;32m  OK  [0m] Reached target Slices.
[    7.200298] systemd[1]: Reached target Encrypted Volumes.
[[0;32m  OK  [0m] Reached target Encrypted Volumes.
[    7.203687] systemd[1]: Listening on Journal Audit Socket.
[[0;32m  OK  [0[    7.207402] iscsi: registered transport (iser)
m] Listening on Journal Audit Socket.
[    7.240839] systemd[1]: Starting Journal Service...
         Starting Journal Service...
[    7.245282] systemd[1]: Mounted Huge Pages File System.
[[0;32m  OK  [0m] Mounted Huge Pages File System.
[    7.252536] systemd[1]: Mounted Debug File System.
[[0;32m  OK  [0m] Mounted Debug File System.
[    7.254247] systemd[1]: Mounted POSIX Message Queue File System.
[[0;32m  OK  [0m] Mounted POSIX Message Queue File System.
[    7.263602] systemd[1]: Started Load Kernel Modules.
[[0;32m  OK  [0m] Started Load Kernel Modules.
[    7.285208] systemd[1]: Started Create list of required static device nodes for the current kernel.
[[0;32m  OK  [0m] Started Create list of required sta...ce nodes for the current kernel.
[    7.289212] systemd[1]: Started Remount Root and Kernel File Systems.
[[0;32m  OK  [0m] Started Remount Root and Kernel File Systems.
[    7.339956] systemd[1]: Started Set console keymap.
[    7.357427] random: nonblocking pool is initialized
[[0;32m  OK  [0m] Started Set console keymap.
[    7.361255] systemd[1]: Started Uncomplicated firewall.
[[0;32m  OK  [0m] Started Uncomplicated firewall.
[    7.371228] systemd[1]: Started Nameserver information manager.
[[0;32m  OK  [0m] Started Nameserver information manager.
[    7.382334] systemd[1]: Started Journal Service.
[[0;32m  OK  [0m] Started Journal Service.
[[0;32m  OK  [0m] Started LVM2 metadata daemon.
         Starting udev Coldplug all Devices...
         Starting Load/Save Random Seed...
         Starting Flush Journal to Persistent Storage...
         Starting Create Static Device Nodes in /dev...
         Mounting FUSE Control File System...
         Starting Apply Kernel Variables...
[[0;32m  OK  [0m] Mounted FUSE Control File System.
[[0;32m  OK  [0m] Started Load/Save Random Seed.
[[0;32m  OK  [0m] Started Create Static Device Nodes in /dev.
[[0;32m  OK  [0m] Started Apply Kernel Variables.
         Starting udev Kernel Device Manager...
[[0;32m  OK  [0m] Started Flush Journal to Persistent Storage.
[[0;32m  OK  [0m] Started udev Coldplug all Devices.
[[0;32m  OK  [0m] Started udev Kernel Device Manager.
[[0;32m  OK  [0m] Started Dispatch Password Requests to Console Directory Watch.
[[0;32m  OK  [0m] Started Monitoring of LVM2 mirrors,...ng dmeventd or progress polling.
[[0;32m  OK  [0m] Reached target Local File Systems (Pre).
[[0;32m  OK  [0m] Reached target Local File Systems.
         Starting LSB: AppArmor initialization...
         Starting Commit a transient machine-id on disk...
         Starting Initial cloud-init job (pre-networking)...
         Starting Create Volatile Files and Directories...
         Starting Tell Plymouth To Write Out Runtime Data...
         Starting Set console font and keymap...
[[0;32m  OK  [0m] Started Commit a transient machine-id on disk.
[[0;32m  OK  [0m] Started Create Volatile Files and Directories.
[[0;32m  OK  [0m] Started Tell Plymouth To Write Out Runtime Data.
         Starting Update UTMP about System Boot/Shutdown...
[[0;32m  OK  [0m] Started Update UTMP about System Boot/Shutdown.
[[0;32m  OK  [0m] Found device /dev/ttyS0.
[[0;32m  OK  [0m] Listening on Load/Save RF Kill Switch Status /dev/rfkill Watch.
[[0;32m  OK  [0m] Started LSB: AppArmor initialization.
[    8.276554] cloud-init[481]: Cloud-init v. 19.4-33-gbb4131a2-0ubuntu1~16.04.1 running 'init-local' at Sat, 11 Apr 2020 03:04:18 +0000. Up 7.90 seconds.
[[0;32m  OK  [0m] Started Initial cloud-init job (pre-networking).
[[0;32m  OK  [0m] Reached target Network (Pre).
         Starting Raise network interfaces...
[[0;32m  OK  [0m] Started Set console font and keymap.
[[0;32m  OK  [0m] Created slice system-getty.slice.
[[0;32m  OK  [0m] Started Raise network interfaces.
[[0;32m  OK  [0m] Reached target Network.
         Starting Initial cloud-init job (metadata service crawler)...
[    9.897685] cloud-init[956]: Cloud-init v. 19.4-33-gbb4131a2-0ubuntu1~16.04.1 running 'init' at Sat, 11 Apr 2020 03:04:19 +0000. Up 9.18 seconds.
[    9.900545] cloud-init[956]: ci-info: ++++++++++++++++++++++++++++++++++++++Net device info+++++++++++++++++++++++++++++++++++++++
[    9.903184] cloud-init[956]: ci-info: +--------+-------+----------------------------+---------------+--------+-------------------+
[    9.952655] [[0;32m  OK  [0m] Started Initial cloud-init job (metadata service crawler).
[[0;32m  OK  [0m] Reached target Network is Online.
cloud-init[956]: ci-info: | Device |   Up  |          Address           |      Mask     | Scope  |     Hw-Address    |
[    9.957970] cloud-init[956]: ci-info: +--------+-------+----------------------------+---------------+--------+-------------------+
[    9.961455] cloud-init[956]: ci-info: | enp0s3 |  True |         10.0.2.15          | 255.255.255.0 | global | 02:ba:b8:ca:39:a3 |
[    9.975937]          Starting iSCSI initiator daemon (iscsid)...
[[0;32m  OK  [0m] Reached target Cloud-config availability.
[[0;32m  OK  [0m] Reached target System Initialization.
cloud-init[956]:          Starting LXD - unix socket.
[[0;32m  OK  [0m] Started Message of the Day.
[[0;32m  OK  [0m] Listening on D-Bus System Message Bus Socket.
[[0;32m  OK  [0m] Started Daily Cleanup of Temporary Directories.
[[0;32m  OK  [0m] Listening on UUID daemon activation socket.
ci-info: | enp0s3 |  True | fe80::ba:b8ff:feca:39a3/64 |       .       |  link  | 02:ba:b8:ca:39:a3 |
[[0;32m  OK  [0m] Started ACPI Events Check.
[[0;32m  OK  [0m] Reached target Paths.
[[0;32m  OK  [0m] Listening on ACPID Listen Socket.
[[0;32m  OK  [0m] Started Daily apt download activities.
[[0;32m  OK  [0m] Started Daily apt upgrade and clean activities.
[[0;32m  OK  [0m] Reached target Timers.
         Starting Socket activation for snappy daemon.
[    9.988770] cloud-init[956]: ci-info: | enp0s8 | False |             .              |       .       |   .    | 08:00:27:1d:6c:52 |
[   10.016273] cloud-init[956]: ci-info: |   lo   |  True |         127.0.0.1          |   255.0.0.0   |  host  |         .         |
[   10.031523] [[0;32m  OK  [0m] Listening on LXD - unix socket.
[[0;32m  OK  [0m] Listening on Socket activation for snappy daemon.
[[0;32m  OK  [0m] Started iSCSI initiator daemon (iscsid).
         Starting Login to default iSCSI targets...
[[0;32m  OK  [0m] Reached target Sockets.
[[0;32m  OK  [0m] Reached target Basic System.
         Starting Accounts Service...
         Starting LSB: Record successful boot for GRUB...
cloud-init[956]: [[0;32m  OK  [0m] Started Regular background program processing daemon.
         Starting /etc/rc.local Compatibility...
         Starting System Logging Service...
ci-info: |   lo   |  True |          ::1/128           |       .       |  host  |         .         |
[   10.061304]          Starting Login Service...
cloud-init[956]: ci-info: +--------+-------+----------------------------+---------------+--------+-------------------+[[0;32m  OK  [0m] Started FUSE filesystem for LXC.

[   10.068303]          Starting Snappy daemon...
cloud-init[956]:          Starting Virtualbox guest utils...
ci-info: +++++++++++++++++++++++++++Route IPv4 info++++++++++++++++++++++++++++
[   10.093557]          Starting Pollinate to seed the pseudo random number generator...
cloud-init[956]: ci-info: +-------+-------------+----------+---------------+-----------+-------+
[[0;32m  OK  [0m] Started Deferred execution scheduler.
[   10.116589] cloud-init[956]: ci-info: | Route | Destination | Gateway  |    Genmask    | Interface | Flags |
[   10.131021]          Starting LSB: MD monitoring daemon...
cloud-init[[0;32m  OK  [0m] Started ACPI event daemon.
[[0;32m  OK  [0m] Started D-Bus System Message Bus.
[956]: ci-info: +-------+-------------+----------+---------------+-----------+-------+
[   10.146613] cloud-init[956]: ci-info: |   0   |   0.0.0.0   | 10.0.2.2 |    0.0.0.0    |   enp0s3  |   UG  |
[   10.193380]          cloud-initStarting LXD - container startup/shutdown...[956]: 
ci-info: |   1   |   10.0.2.0  | 0.0.0.0  | 255.255.255.0 |   enp0s3  |   U   |
[   10.209136] [[0;32m  OK  [0m] Started System Logging Service.
cloud-init[[0;32m  OK  [0m] Started /etc/rc.local Compatibility.
[956]: ci-info: +-------+-------------+----------+---------------+-----------+-------+
[   10.214023] cloud-init[956]: ci-info: +++++++++++++++++++Route IPv6 info+++++++++++++++++++
[   10.218952] cloud-init[956]: ci-info: +-------+-------------+---------+-----------+-------+
[   10.224959] cloud-init[956]: ci-info: | Route | Destination | Gateway | Interface | Flags |
[   10.233141] cloud-init[956]: ci-info: +-------+-------------+---------+-----------+-------+
[[0;32m  OK  [0m] Started LSB: Record successful boot for GRUB.
[[0;32m  OK  [0m] Started LSB: MD monitoring daemon.
[   10.256138] cloud-init[956]: ci-info: |   0   |  fe80::/64  |    ::   |   enp0s3  |   U   |
[   10.280843] [cloud-init[0;32m  OK  [0m[956]: ] ci-info: |   3   |   ff00::/8  |    ::   |   enp0s3  |   U   |Started Login Service.

[[0;32m  OK  [0m] Started Virtualbox guest utils.
[   10.281487] cloud-init[956]: [[0;32m  OK  [0m] Started Login to default iSCSI targets.
[[0;32m  OK  [0m] Reached target Remote File Systems (Pre).
[[0;32m  OK  [0m] Reached target Remote File Systems.
ci-info: +-------+-------------+---------+-----------+-------+
[   10.337436] cloud-init[956]: Generating public/private rsa key pair.
         Starting LSB: automatic crash report generation...
         Starting LSB: Set the CPU Frequency Scaling governor to "ondemand"...
         Starting Permit User Sessions...
         Starting LSB: daemon to balance interrupts for SMP systems...
[   10.348809] cloud-init[956]: Your identification has been saved in /etc/ssh/ssh_host_rsa_key.
[   10.388724] [[0;32m  OK  [0m] Started Unattended Upgrades Shutdown.
cloud-init[956]: Your public key has been saved in /etc/ssh/ssh_host_rsa_key.pub.
[   10.392129] cloud-init[956]: The key fingerprint is:
[   10.393651] cloud-init[956]: SHA256:OnnjprPTns5QeDB6T6Xds0KJgcqPuEYn3r/u9EQ+tEw root@ubuntu-xenial
[   10.413021]          Starting Authenticate and Authorize Users to Run Privileged Tasks...
cloud-init[956]: The key's randomart image is:
[[0;32m  OK  [0m] Started Permit User Sessions.
[[0;32m  OK  [0m] Started Authenticate and Authorize Users to Run Privileged Tasks.
[[0;32m  OK  [0m] Started Accounts Service.
[[0;32m  OK  [0m] Started Snappy daemon.
[[0;32m  OK  [0m] Started LXD - container startup/shutdown.
[   10.422924] cloud-init[956]: +---[RSA 2048]----+
[   10.491227] cloud-init[956]: |                 |
[   10.492550] cloud-init[956]: |       .         |
[   10.493886] cloud-init[956]: |      + . .      |
[   10.494979] cloud-init[956]: |   . o + * o     |
         Starting Wait until snapd is fully seeded...
[   10.522076] cloud-init[956]: |    + o E + o    |
[   10.536669] cloud-init[956]: |  o..+ & o   o   |
[   10.537421] cloud-init[956]: | o.+. B.X . .    |
[   10.556968]          Starting Hold until boot process finishes up...
cloud-init[956]: |  o...oOo+ .     |         Starting Terminate Plymouth Boot Screen...

[   10.559042] [[0;32m  OK  [0m] Started LSB: automatic crash report generation.
cloud-init[956]: | ..  +BXB        |
[   10.566495] [[0;32m  OK  [0m] Started LSB: Set the CPU Frequency Scaling governor to "ondemand".
[[0;32m  OK  [0m] Started LSB: daemon to balance interrupts for SMP systems.
[[0;32m  OK  [0m] Started Hold until boot process finishes up.
cloud-init[956]: +----[SHA256]-----+
[   10.580745]          cloud-initStarting Set console scheme...[956]: 
Generating public/private dsa key pair.
[   10.587294] [[0;32m  OK  [0m] Started Getty on tty1.cloud-init[956]: Your identification has been saved in /etc/ssh/ssh_host_dsa_key.

[   10.589385] cloud-init[956]: Your public key has been saved in /etc/ssh/ssh_host_dsa_key.pub.
[   10.610512] [[0;32m  OK  [0m] Started Serial Getty on ttyS0.
[[0;32m  OK  [0m] Reached target Login Prompts.
cloud-init[956]: The key fingerprint is:
[[0;32m  OK  [0m] Started Terminate Plymouth Boot Screen.
[   10.613985] cloud-init[[0;32m  OK  [0m] Started Set console scheme.
[956]: SHA256:IN2FNr+VAbMqD5VyxQM09o8vTRQ+BWQqSljdVJt7pzM root@ubuntu-xenial
[   10.637389] cloud-init[956]: The key's randomart image is:
[   10.652864] cloud-init[956]: +---[DSA 1024]----+
[   10.654076] cloud-init[956]: |      .o=**+*..  |
[   10.655378] cloud-init[956]: |     + o=*+*.=   |
[   10.656581] cloud-init[956]: |    o =.*o+.*o   |
[   10.658055] cloud-init[956]: |     o * o.+oo   |
[   10.659948] cloud-init[956]: |      + S .o+ . .|
[   10.661384] cloud-init[956]: |       +  .+ . o |
[   10.662618] cloud-init[956]: |        . . o E  |
[   10.663823] cloud-init[956]: |           .   o |
[   10.665024] cloud-init[956]: |                 |
[   10.666184] cloud-init[956]: +----[SHA256]-----+
[   10.674988] cloud-init[956]: Generating public/private ecdsa key pair.
[   10.676377] cloud-init[956]: Your identification has been saved in /etc/ssh/ssh_host_ecdsa_key.
[   10.677945] cloud-init[956]: Your public key has been saved in /etc/ssh/ssh_host_ecdsa_key.pub.
[   10.679505] cloud-init[956]: The key fingerprint is:
[   10.680748] cloud-init[956]: SHA256:G2W62FaWkAAB4VE3qUfftzsGVgAeF5Wwb9AY7X4Sj18 root@ubuntu-xenial
[   10.729233] cloud-init[956]: The key's randomart image is:
[   10.771874] cloud-init[956]: +---[ECDSA 256]---+
[   10.797702] cloud-init[956]: |  +++o+.o.==..   |
[   10.814318] cloud-init[956]: | . . .o+ +.=o    |
[   10.817907] cloud-init[956]: |  .  o .+.*o.    |
[   10.821425] cloud-init[956]: |    . . .=.+=    |
[   10.825078] cloud-init[956]: |     .  S ++o=   |
[   10.858878] cloud-init[956]: |       o *o.= o E|
[   10.862520] cloud-init[956]: |      . =. . = . |
[   10.866166] cloud-init[956]: |       .    + .  |
[   10.933933] cloud-init[956]: |           . .   |
[   10.935973] cloud-init[956]: +----[SHA256]-----+
[   10.937986] cloud-init[956]: Generating public/private ed25519 key pair.
[   10.968671] cloud-init[956]: Your identification has been saved in /etc/ssh/ssh_host_ed25519_key.
[   10.996495] cloud-init[956]: Your public key has been saved in /etc/ssh/ssh_host_ed25519_key.pub.
[   11.000346] cloud-init[956]: The key fingerprint is:
[   11.002659] cloud-init[956]: SHA256:DAl0nxq93ejd8UOuQLP1etENfgg4ujWp6n91czOkMV8 root@ubuntu-xenial
[   11.005086] cloud-init[956]: The key's randomart image is:
[   11.010341] cloud-init[956]: +--[ED25519 256]--+
[   11.033161] cloud-init[956]: |   .o .          |
[   11.034453] cloud-init[956]: |     o + .       |
[   11.045404] cloud-init[956]: |      + +  .     |
[   11.046678] cloud-init[956]: |       = ooo.o..E|
[   11.047846] cloud-init[956]: |      . S.o=.+B++|
[   11.060785] cloud-init[956]: |        ..=.=oOB=|
[   11.076457] cloud-init[956]: |         +.=...B=|
[   11.079539] cloud-init[956]: |        o . . o..|
[   11.085812] cloud-init[956]: |     .oo..   o.  |
[   11.087251] cloud-init[956]: +----[SHA256]-----+
[[0;32m  OK  [0m] Started Pollinate to seed the pseudo random number generator.
         Starting OpenBSD Secure Shell server...
[[0;32m  OK  [0m] Started OpenBSD Secure Shell server.
[[0;32m  OK  [0m] Created slice User Slice of vagrant.
         Starting User Manager for UID 1000...
[[0;32m  OK  [0m] Started Session 1 of user vagrant.
[[0;32m  OK  [0m] Started User Manager for UID 1000.
[[0;32m  OK  [0m] Started Session 2 of user vagrant.
[[0;32m  OK  [0m] Started Wait until snapd is fully seeded.
         Starting Apply the settings specified in cloud-config...
[[0;32m  OK  [0m] Reached target Multi-User System.
[[0;32m  OK  [0m] Reached target Graphical Interface.
         Starting Update UTMP about System Runlevel Changes...
[[0;32m  OK  [0m] Started Update UTMP about System Runlevel Changes.
[   14.911581] cloud-init[1565]: Generating locales (this might take a while)...
[   15.547845] cloud-init[1565]:   en_US.UTF-8... done
[   15.608646] cloud-init[1565]: Generation complete.
[   15.792972] cloud-init[1565]: Cloud-init v. 19.4-33-gbb4131a2-0ubuntu1~16.04.1 running 'modules:config' at Sat, 11 Apr 2020 03:04:25 +0000. Up 14.82 seconds.
ci-info: no authorized SSH keys fingerprints found for user ubuntu.
<14>Apr 11 03:04:26 ec2: 
<14>Apr 11 03:04:26 ec2: #############################################################
<14>Apr 11 03:04:26 ec2: -----BEGIN SSH HOST KEY FINGERPRINTS-----
<14>Apr 11 03:04:26 ec2: 1024 SHA256:IN2FNr+VAbMqD5VyxQM09o8vTRQ+BWQqSljdVJt7pzM root@ubuntu-xenial (DSA)
<14>Apr 11 03:04:26 ec2: 256 SHA256:G2W62FaWkAAB4VE3qUfftzsGVgAeF5Wwb9AY7X4Sj18 root@ubuntu-xenial (ECDSA)
<14>Apr 11 03:04:26 ec2: 256 SHA256:DAl0nxq93ejd8UOuQLP1etENfgg4ujWp6n91czOkMV8 root@ubuntu-xenial (ED25519)
<14>Apr 11 03:04:26 ec2: 2048 SHA256:OnnjprPTns5QeDB6T6Xds0KJgcqPuEYn3r/u9EQ+tEw root@ubuntu-xenial (RSA)
<14>Apr 11 03:04:26 ec2: -----END SSH HOST KEY FINGERPRINTS-----
<14>Apr 11 03:04:26 ec2: #############################################################
-----BEGIN SSH HOST KEY KEYS-----
ecdsa-sha2-nistp256 AAAAE2VjZHNhLXNoYTItbmlzdHAyNTYAAAAIbmlzdHAyNTYAAABBBB9OPUdGBzJfOUWI5O2o7k1mR+/uprDHUPCKoem7Ep7SQ0zF+/iWsfyO6TBldy1WauEgVjbMbr7X73ykCil6Ci0= root@ubuntu-xenial
ssh-ed25519 AAAAC3NzaC1lZDI1NTE5AAAAIES5hPJsuwEYU7A15vO6EUnZVIB3Hb8oNN1z352jTrVG root@ubuntu-xenial
ssh-rsa AAAAB3NzaC1yc2EAAAADAQABAAABAQC6BhUBFy7wQoUo5dyWEokK/z2XYasr4wvGdWuVCO6r84wp7a+Y0ELHl+3Y5vhPwmMCXjgaA9ZH0Mlffx1KJen1JjrNEgweoPMg++tw8o/ASK0bVbvEDShGJZ7lFe6a/JGOm8AwSixOAZDKEVKd8W4BriWZTB6yRs8KWBRVedh49Nq5Flq0K8+/MSWkurYSnHJcrlRdrlWkYrlZbLE1G6NTUsnzj9NY/ONT9bAZIqr0pHC4K+cAIleJiUGpC64v5k9GeDrgeAed3fbF14r68wpEhjVC85vFufmMmmb/Itb07PBwaU19BoZrMRSmtSAu7e8v6B2eN82zpsM46k/4UJOj root@ubuntu-xenial
-----END SSH HOST KEY KEYS-----
[   16.133871] cloud-init[1817]: Cloud-init v. 19.4-33-gbb4131a2-0ubuntu1~16.04.1 running 'modules:final' at Sat, 11 Apr 2020 03:04:26 +0000. Up 16.03 seconds.
[   16.134029] cloud-init[1817]: ci-info: no authorized SSH keys fingerprints found for user ubuntu.
[   16.134118] cloud-init[1817]: Cloud-init v. 19.4-33-gbb4131a2-0ubuntu1~16.04.1 finished at Sat, 11 Apr 2020 03:04:26 +0000. Datasource DataSourceNoCloud [seed=/dev/sdb][dsmode=net].  Up 16.12 seconds

Ubuntu 16.04.6 LTS ubuntu-xenial ttyS0

ubuntu-xenial login: 